// Jest Snapshot v1, https://goo.gl/fbAQLP

exports[`bundesliga standings 1`] = `
[
  {
    "gamesDrawn": 4,
    "gamesLost": 1,
    "gamesPlayed": 15,
    "gamesWon": 10,
    "goalDifference": 36,
    "points": 34,
    "position": 1,
    "team": "Bayern Munich",
  },
  {
    "gamesDrawn": 3,
    "gamesLost": 3,
    "gamesPlayed": 15,
    "gamesWon": 9,
    "goalDifference": 8,
    "points": 30,
    "position": 2,
    "team": "SC Freiburg",
  },
  {
    "gamesDrawn": 4,
    "gamesLost": 3,
    "gamesPlayed": 15,
    "gamesWon": 8,
    "goalDifference": 9,
    "points": 28,
    "position": 3,
    "team": "RB Leipzig",
  },
  {
    "gamesDrawn": 3,
    "gamesLost": 4,
    "gamesPlayed": 15,
    "gamesWon": 8,
    "goalDifference": 8,
    "points": 27,
    "position": 4,
    "team": "Eintracht Frankfurt",
  },
  {
    "gamesDrawn": 3,
    "gamesLost": 4,
    "gamesPlayed": 15,
    "gamesWon": 8,
    "goalDifference": 4,
    "points": 27,
    "position": 5,
    "team": "1. FC Union Berlin",
  },
  {
    "gamesDrawn": 1,
    "gamesLost": 6,
    "gamesPlayed": 15,
    "gamesWon": 8,
    "goalDifference": 4,
    "points": 25,
    "position": 6,
    "team": "Borussia Dortmund",
  },
  {
    "gamesDrawn": 5,
    "gamesLost": 4,
    "gamesPlayed": 15,
    "gamesWon": 6,
    "goalDifference": 4,
    "points": 23,
    "position": 7,
    "team": "VfL Wolfsburg",
  },
  {
    "gamesDrawn": 4,
    "gamesLost": 5,
    "gamesPlayed": 15,
    "gamesWon": 6,
    "goalDifference": 4,
    "points": 22,
    "position": 8,
    "team": "M'gladbach",
  },
  {
    "gamesDrawn": 3,
    "gamesLost": 6,
    "gamesPlayed": 15,
    "gamesWon": 6,
    "goalDifference": -2,
    "points": 21,
    "position": 9,
    "team": "Werder Bremen",
  },
  {
    "gamesDrawn": 4,
    "gamesLost": 6,
    "gamesPlayed": 15,
    "gamesWon": 5,
    "goalDifference": -5,
    "points": 19,
    "position": 10,
    "team": "Mainz 05",
  },
  {
    "gamesDrawn": 3,
    "gamesLost": 7,
    "gamesPlayed": 15,
    "gamesWon": 5,
    "goalDifference": 0,
    "points": 18,
    "position": 11,
    "team": "Hoffenheim",
  },
  {
    "gamesDrawn": 3,
    "gamesLost": 7,
    "gamesPlayed": 15,
    "gamesWon": 5,
    "goalDifference": -1,
    "points": 18,
    "position": 12,
    "team": "Bayer Leverkusen",
  },
  {
    "gamesDrawn": 5,
    "gamesLost": 6,
    "gamesPlayed": 15,
    "gamesWon": 4,
    "goalDifference": -8,
    "points": 17,
    "position": 13,
    "team": "1. FC KÃ¶ln",
  },
  {
    "gamesDrawn": 3,
    "gamesLost": 8,
    "gamesPlayed": 15,
    "gamesWon": 4,
    "goalDifference": -8,
    "points": 15,
    "position": 14,
    "team": "Augsburg",
  },
  {
    "gamesDrawn": 5,
    "gamesLost": 7,
    "gamesPlayed": 15,
    "gamesWon": 3,
    "goalDifference": -3,
    "points": 14,
    "position": 15,
    "team": "Hertha BSC",
  },
  {
    "gamesDrawn": 5,
    "gamesLost": 7,
    "gamesPlayed": 15,
    "gamesWon": 3,
    "goalDifference": -9,
    "points": 14,
    "position": 16,
    "team": "VfB Stuttgart",
  },
  {
    "gamesDrawn": 1,
    "gamesLost": 10,
    "gamesPlayed": 15,
    "gamesWon": 4,
    "goalDifference": -22,
    "points": 13,
    "position": 17,
    "team": "VfL Bochum",
  },
  {
    "gamesDrawn": 3,
    "gamesLost": 10,
    "gamesPlayed": 15,
    "gamesWon": 2,
    "goalDifference": -19,
    "points": 9,
    "position": 18,
    "team": "Schalke 04",
  },
]
`;
