// Jest Snapshot v1, https://goo.gl/fbAQLP

exports[`serieA standings 1`] = `
[
  {
    "gamesDrawn": 2,
    "gamesLost": 0,
    "gamesPlayed": 15,
    "gamesWon": 13,
    "goalDifference": 25,
    "points": 41,
    "position": 1,
    "team": "Napoli",
  },
  {
    "gamesDrawn": 3,
    "gamesLost": 2,
    "gamesPlayed": 15,
    "gamesWon": 10,
    "goalDifference": 14,
    "points": 33,
    "position": 2,
    "team": "Milan",
  },
  {
    "gamesDrawn": 4,
    "gamesLost": 2,
    "gamesPlayed": 15,
    "gamesWon": 9,
    "goalDifference": 17,
    "points": 31,
    "position": 3,
    "team": "Juventus",
  },
  {
    "gamesDrawn": 3,
    "gamesLost": 3,
    "gamesPlayed": 15,
    "gamesWon": 9,
    "goalDifference": 15,
    "points": 30,
    "position": 4,
    "team": "Lazio",
  },
  {
    "gamesDrawn": 0,
    "gamesLost": 5,
    "gamesPlayed": 15,
    "gamesWon": 10,
    "goalDifference": 12,
    "points": 30,
    "position": 5,
    "team": "Inter",
  },
  {
    "gamesDrawn": 3,
    "gamesLost": 4,
    "gamesPlayed": 15,
    "gamesWon": 8,
    "goalDifference": 7,
    "points": 27,
    "position": 6,
    "team": "Atalanta",
  },
  {
    "gamesDrawn": 3,
    "gamesLost": 4,
    "gamesPlayed": 15,
    "gamesWon": 8,
    "goalDifference": 4,
    "points": 27,
    "position": 7,
    "team": "Roma",
  },
  {
    "gamesDrawn": 6,
    "gamesLost": 3,
    "gamesPlayed": 15,
    "gamesWon": 6,
    "goalDifference": 7,
    "points": 24,
    "position": 8,
    "team": "Udinese",
  },
  {
    "gamesDrawn": 3,
    "gamesLost": 6,
    "gamesPlayed": 15,
    "gamesWon": 6,
    "goalDifference": -1,
    "points": 21,
    "position": 9,
    "team": "Torino",
  },
  {
    "gamesDrawn": 4,
    "gamesLost": 6,
    "gamesPlayed": 15,
    "gamesWon": 5,
    "goalDifference": -2,
    "points": 19,
    "position": 10,
    "team": "Fiorentina",
  },
  {
    "gamesDrawn": 4,
    "gamesLost": 6,
    "gamesPlayed": 15,
    "gamesWon": 5,
    "goalDifference": -5,
    "points": 19,
    "position": 11,
    "team": "Bologna",
  },
  {
    "gamesDrawn": 5,
    "gamesLost": 6,
    "gamesPlayed": 15,
    "gamesWon": 4,
    "goalDifference": -5,
    "points": 17,
    "position": 12,
    "team": "Salernitana",
  },
  {
    "gamesDrawn": 5,
    "gamesLost": 6,
    "gamesPlayed": 15,
    "gamesWon": 4,
    "goalDifference": -7,
    "points": 17,
    "position": 13,
    "team": "Empoli",
  },
  {
    "gamesDrawn": 1,
    "gamesLost": 9,
    "gamesPlayed": 15,
    "gamesWon": 5,
    "goalDifference": -6,
    "points": 16,
    "position": 14,
    "team": "Monza",
  },
  {
    "gamesDrawn": 4,
    "gamesLost": 7,
    "gamesPlayed": 15,
    "gamesWon": 4,
    "goalDifference": -7,
    "points": 16,
    "position": 15,
    "team": "Sassuolo",
  },
  {
    "gamesDrawn": 6,
    "gamesLost": 6,
    "gamesPlayed": 15,
    "gamesWon": 3,
    "goalDifference": -3,
    "points": 15,
    "position": 16,
    "team": "Lecce",
  },
  {
    "gamesDrawn": 4,
    "gamesLost": 8,
    "gamesPlayed": 15,
    "gamesWon": 3,
    "goalDifference": -12,
    "points": 13,
    "position": 17,
    "team": "Spezia",
  },
  {
    "gamesDrawn": 7,
    "gamesLost": 8,
    "gamesPlayed": 15,
    "gamesWon": 0,
    "goalDifference": -15,
    "points": 7,
    "position": 18,
    "team": "Cremonese",
  },
  {
    "gamesDrawn": 3,
    "gamesLost": 11,
    "gamesPlayed": 15,
    "gamesWon": 1,
    "goalDifference": -21,
    "points": 6,
    "position": 19,
    "team": "Sampdoria",
  },
  {
    "gamesDrawn": 2,
    "gamesLost": 12,
    "gamesPlayed": 15,
    "gamesWon": 1,
    "goalDifference": -17,
    "points": 5,
    "position": 20,
    "team": "Hellas Verona",
  },
]
`;
